mode: set
github.com/XackuH-ORG/go-react-e-market/backend/internal/admin/handlers.go:17.46,19.2 1 0
github.com/XackuH-ORG/go-react-e-market/backend/internal/admin/handlers.go:23.54,24.71 1 0
github.com/XackuH-ORG/go-react-e-market/backend/internal/admin/handlers.go:24.71,27.21 3 0
github.com/XackuH-ORG/go-react-e-market/backend/internal/admin/handlers.go:27.21,28.39 1 0
github.com/XackuH-ORG/go-react-e-market/backend/internal/admin/handlers.go:28.39,30.5 1 0
github.com/XackuH-ORG/go-react-e-market/backend/internal/admin/handlers.go:33.3,33.41 1 0
github.com/XackuH-ORG/go-react-e-market/backend/internal/admin/handlers.go:33.41,36.4 2 0
github.com/XackuH-ORG/go-react-e-market/backend/internal/admin/handlers.go:37.3,37.23 1 0
github.com/XackuH-ORG/go-react-e-market/backend/internal/admin/handlers.go:41.49,58.2 12 0
github.com/XackuH-ORG/go-react-e-market/backend/internal/admin/handlers.go:60.73,62.16 2 0
github.com/XackuH-ORG/go-react-e-market/backend/internal/admin/handlers.go:62.16,65.3 2 0
github.com/XackuH-ORG/go-react-e-market/backend/internal/admin/handlers.go:66.2,66.19 1 0
github.com/XackuH-ORG/go-react-e-market/backend/internal/admin/handlers.go:66.19,68.3 1 0
github.com/XackuH-ORG/go-react-e-market/backend/internal/admin/handlers.go:69.2,70.35 2 0
github.com/XackuH-ORG/go-react-e-market/backend/internal/admin/handlers.go:73.73,75.21 2 0
github.com/XackuH-ORG/go-react-e-market/backend/internal/admin/handlers.go:75.21,78.3 2 0
github.com/XackuH-ORG/go-react-e-market/backend/internal/admin/handlers.go:80.2,81.16 2 0
github.com/XackuH-ORG/go-react-e-market/backend/internal/admin/handlers.go:81.16,84.3 2 0
github.com/XackuH-ORG/go-react-e-market/backend/internal/admin/handlers.go:85.2,85.19 1 0
github.com/XackuH-ORG/go-react-e-market/backend/internal/admin/handlers.go:85.19,87.3 1 0
github.com/XackuH-ORG/go-react-e-market/backend/internal/admin/handlers.go:88.2,89.35 2 0
github.com/XackuH-ORG/go-react-e-market/backend/internal/admin/handlers.go:92.78,95.16 3 0
github.com/XackuH-ORG/go-react-e-market/backend/internal/admin/handlers.go:95.16,98.3 2 0
github.com/XackuH-ORG/go-react-e-market/backend/internal/admin/handlers.go:100.2,103.61 2 0
github.com/XackuH-ORG/go-react-e-market/backend/internal/admin/handlers.go:103.61,106.3 2 0
github.com/XackuH-ORG/go-react-e-market/backend/internal/admin/handlers.go:108.2,108.77 1 0
github.com/XackuH-ORG/go-react-e-market/backend/internal/admin/handlers.go:108.77,111.3 2 0
github.com/XackuH-ORG/go-react-e-market/backend/internal/admin/handlers.go:112.2,112.30 1 0
github.com/XackuH-ORG/go-react-e-market/backend/internal/admin/handlers.go:115.69,117.16 2 0
github.com/XackuH-ORG/go-react-e-market/backend/internal/admin/handlers.go:117.16,120.3 2 0
github.com/XackuH-ORG/go-react-e-market/backend/internal/admin/handlers.go:121.2,121.18 1 0
github.com/XackuH-ORG/go-react-e-market/backend/internal/admin/handlers.go:121.18,123.3 1 0
github.com/XackuH-ORG/go-react-e-market/backend/internal/admin/handlers.go:124.2,125.34 2 0
github.com/XackuH-ORG/go-react-e-market/backend/internal/admin/handlers.go:128.75,131.16 3 0
github.com/XackuH-ORG/go-react-e-market/backend/internal/admin/handlers.go:131.16,134.3 2 0
github.com/XackuH-ORG/go-react-e-market/backend/internal/admin/handlers.go:136.2,139.61 2 0
github.com/XackuH-ORG/go-react-e-market/backend/internal/admin/handlers.go:139.61,142.3 2 0
github.com/XackuH-ORG/go-react-e-market/backend/internal/admin/handlers.go:144.2,144.72 1 0
github.com/XackuH-ORG/go-react-e-market/backend/internal/admin/handlers.go:144.72,147.3 2 0
github.com/XackuH-ORG/go-react-e-market/backend/internal/admin/handlers.go:148.2,148.30 1 0
github.com/XackuH-ORG/go-react-e-market/backend/internal/admin/handlers.go:157.74,159.61 2 0
github.com/XackuH-ORG/go-react-e-market/backend/internal/admin/handlers.go:159.61,162.3 2 0
github.com/XackuH-ORG/go-react-e-market/backend/internal/admin/handlers.go:164.2,165.16 2 0
github.com/XackuH-ORG/go-react-e-market/backend/internal/admin/handlers.go:165.16,168.3 2 0
github.com/XackuH-ORG/go-react-e-market/backend/internal/admin/handlers.go:169.2,170.30 2 0
github.com/XackuH-ORG/go-react-e-market/backend/internal/admin/handlers.go:173.74,176.16 3 0
github.com/XackuH-ORG/go-react-e-market/backend/internal/admin/handlers.go:176.16,179.3 2 0
github.com/XackuH-ORG/go-react-e-market/backend/internal/admin/handlers.go:181.2,182.61 2 0
github.com/XackuH-ORG/go-react-e-market/backend/internal/admin/handlers.go:182.61,185.3 2 0
github.com/XackuH-ORG/go-react-e-market/backend/internal/admin/handlers.go:187.2,187.104 1 0
github.com/XackuH-ORG/go-react-e-market/backend/internal/admin/handlers.go:187.104,190.3 2 0
github.com/XackuH-ORG/go-react-e-market/backend/internal/admin/handlers.go:191.2,191.30 1 0
github.com/XackuH-ORG/go-react-e-market/backend/internal/admin/handlers.go:194.74,197.16 3 0
github.com/XackuH-ORG/go-react-e-market/backend/internal/admin/handlers.go:197.16,200.3 2 0
github.com/XackuH-ORG/go-react-e-market/backend/internal/admin/handlers.go:202.2,202.61 1 0
github.com/XackuH-ORG/go-react-e-market/backend/internal/admin/handlers.go:202.61,205.3 2 0
github.com/XackuH-ORG/go-react-e-market/backend/internal/admin/handlers.go:206.2,206.30 1 0
github.com/XackuH-ORG/go-react-e-market/backend/internal/admin/handlers.go:217.70,219.61 2 0
github.com/XackuH-ORG/go-react-e-market/backend/internal/admin/handlers.go:219.61,222.3 2 0
github.com/XackuH-ORG/go-react-e-market/backend/internal/admin/handlers.go:224.2,225.16 2 0
github.com/XackuH-ORG/go-react-e-market/backend/internal/admin/handlers.go:225.16,228.3 2 0
github.com/XackuH-ORG/go-react-e-market/backend/internal/admin/handlers.go:229.2,230.32 2 0
github.com/XackuH-ORG/go-react-e-market/backend/internal/admin/handlers.go:233.70,236.16 3 0
github.com/XackuH-ORG/go-react-e-market/backend/internal/admin/handlers.go:236.16,239.3 2 0
github.com/XackuH-ORG/go-react-e-market/backend/internal/admin/handlers.go:241.2,242.61 2 0
github.com/XackuH-ORG/go-react-e-market/backend/internal/admin/handlers.go:242.61,245.3 2 0
github.com/XackuH-ORG/go-react-e-market/backend/internal/admin/handlers.go:247.2,247.108 1 0
github.com/XackuH-ORG/go-react-e-market/backend/internal/admin/handlers.go:247.108,250.3 2 0
github.com/XackuH-ORG/go-react-e-market/backend/internal/admin/handlers.go:251.2,251.30 1 0
github.com/XackuH-ORG/go-react-e-market/backend/internal/admin/handlers.go:254.70,257.16 3 0
github.com/XackuH-ORG/go-react-e-market/backend/internal/admin/handlers.go:257.16,260.3 2 0
github.com/XackuH-ORG/go-react-e-market/backend/internal/admin/handlers.go:262.2,262.57 1 0
github.com/XackuH-ORG/go-react-e-market/backend/internal/admin/handlers.go:262.57,265.3 2 0
github.com/XackuH-ORG/go-react-e-market/backend/internal/admin/handlers.go:266.2,266.30 1 0
github.com/XackuH-ORG/go-react-e-market/backend/internal/admin/service.go:35.69,37.2 1 0
github.com/XackuH-ORG/go-react-e-market/backend/internal/admin/service.go:39.80,41.2 1 0
github.com/XackuH-ORG/go-react-e-market/backend/internal/admin/service.go:43.94,48.2 4 0
github.com/XackuH-ORG/go-react-e-market/backend/internal/admin/service.go:50.113,55.2 1 0
github.com/XackuH-ORG/go-react-e-market/backend/internal/admin/service.go:57.75,59.2 1 0
github.com/XackuH-ORG/go-react-e-market/backend/internal/admin/service.go:61.104,66.2 1 0
github.com/XackuH-ORG/go-react-e-market/backend/internal/admin/service.go:68.137,70.24 2 0
github.com/XackuH-ORG/go-react-e-market/backend/internal/admin/service.go:70.24,72.3 1 0
github.com/XackuH-ORG/go-react-e-market/backend/internal/admin/service.go:73.2,77.4 1 0
github.com/XackuH-ORG/go-react-e-market/backend/internal/admin/service.go:80.142,82.24 2 0
github.com/XackuH-ORG/go-react-e-market/backend/internal/admin/service.go:82.24,84.3 1 0
github.com/XackuH-ORG/go-react-e-market/backend/internal/admin/service.go:85.2,90.4 1 0
github.com/XackuH-ORG/go-react-e-market/backend/internal/admin/service.go:93.86,95.2 1 0
github.com/XackuH-ORG/go-react-e-market/backend/internal/admin/service.go:97.155,105.2 1 0
github.com/XackuH-ORG/go-react-e-market/backend/internal/admin/service.go:107.139,115.2 1 0
github.com/XackuH-ORG/go-react-e-market/backend/internal/admin/service.go:117.78,119.2 1 0
github.com/XackuH-ORG/go-react-e-market/backend/internal/orders/handlers.go:18.47,20.2 1 1
github.com/XackuH-ORG/go-react-e-market/backend/internal/orders/handlers.go:22.49,25.2 2 1
github.com/XackuH-ORG/go-react-e-market/backend/internal/orders/handlers.go:27.52,29.20 2 1
github.com/XackuH-ORG/go-react-e-market/backend/internal/orders/handlers.go:29.20,31.3 1 1
github.com/XackuH-ORG/go-react-e-market/backend/internal/orders/handlers.go:32.2,33.16 2 1
github.com/XackuH-ORG/go-react-e-market/backend/internal/orders/handlers.go:33.16,34.34 1 1
github.com/XackuH-ORG/go-react-e-market/backend/internal/orders/handlers.go:34.34,36.4 1 1
github.com/XackuH-ORG/go-react-e-market/backend/internal/orders/handlers.go:38.2,38.62 1 1
github.com/XackuH-ORG/go-react-e-market/backend/internal/orders/handlers.go:48.69,50.16 2 1
github.com/XackuH-ORG/go-react-e-market/backend/internal/orders/handlers.go:50.16,53.3 2 1
github.com/XackuH-ORG/go-react-e-market/backend/internal/orders/handlers.go:55.2,56.61 2 1
github.com/XackuH-ORG/go-react-e-market/backend/internal/orders/handlers.go:56.61,59.3 2 0
github.com/XackuH-ORG/go-react-e-market/backend/internal/orders/handlers.go:61.2,62.16 2 1
github.com/XackuH-ORG/go-react-e-market/backend/internal/orders/handlers.go:62.16,65.3 2 1
github.com/XackuH-ORG/go-react-e-market/backend/internal/orders/handlers.go:67.2,68.34 2 1
github.com/XackuH-ORG/go-react-e-market/backend/internal/orders/handlers.go:71.74,73.16 2 1
github.com/XackuH-ORG/go-react-e-market/backend/internal/orders/handlers.go:73.16,76.3 2 1
github.com/XackuH-ORG/go-react-e-market/backend/internal/orders/handlers.go:78.2,79.16 2 1
github.com/XackuH-ORG/go-react-e-market/backend/internal/orders/handlers.go:79.16,82.3 2 1
github.com/XackuH-ORG/go-react-e-market/backend/internal/orders/handlers.go:84.2,84.19 1 1
github.com/XackuH-ORG/go-react-e-market/backend/internal/orders/handlers.go:84.19,86.3 1 0
github.com/XackuH-ORG/go-react-e-market/backend/internal/orders/handlers.go:88.2,89.35 2 1
github.com/XackuH-ORG/go-react-e-market/backend/internal/orders/service.go:29.99,30.70 1 0
github.com/XackuH-ORG/go-react-e-market/backend/internal/orders/service.go:30.70,32.17 2 0
github.com/XackuH-ORG/go-react-e-market/backend/internal/orders/service.go:32.17,34.4 1 0
github.com/XackuH-ORG/go-react-e-market/backend/internal/orders/service.go:35.3,39.17 4 0
github.com/XackuH-ORG/go-react-e-market/backend/internal/orders/service.go:39.17,41.4 1 0
github.com/XackuH-ORG/go-react-e-market/backend/internal/orders/service.go:43.3,44.17 2 0
github.com/XackuH-ORG/go-react-e-market/backend/internal/orders/service.go:44.17,46.4 1 0
github.com/XackuH-ORG/go-react-e-market/backend/internal/orders/service.go:47.3,47.13 1 0
github.com/XackuH-ORG/go-react-e-market/backend/internal/orders/service.go:51.55,57.2 1 0
github.com/XackuH-ORG/go-react-e-market/backend/internal/orders/service.go:59.129,64.2 1 1
github.com/XackuH-ORG/go-react-e-market/backend/internal/orders/service.go:66.36,70.2 2 1
github.com/XackuH-ORG/go-react-e-market/backend/internal/orders/service.go:72.200,75.52 2 1
github.com/XackuH-ORG/go-react-e-market/backend/internal/orders/service.go:75.52,78.17 2 1
github.com/XackuH-ORG/go-react-e-market/backend/internal/orders/service.go:78.17,80.4 1 0
github.com/XackuH-ORG/go-react-e-market/backend/internal/orders/service.go:82.3,82.22 1 1
github.com/XackuH-ORG/go-react-e-market/backend/internal/orders/service.go:82.22,84.4 1 1
github.com/XackuH-ORG/go-react-e-market/backend/internal/orders/service.go:86.3,88.30 2 1
github.com/XackuH-ORG/go-react-e-market/backend/internal/orders/service.go:88.30,94.18 2 1
github.com/XackuH-ORG/go-react-e-market/backend/internal/orders/service.go:94.18,95.38 1 1
github.com/XackuH-ORG/go-react-e-market/backend/internal/orders/service.go:95.38,97.6 1 1
github.com/XackuH-ORG/go-react-e-market/backend/internal/orders/service.go:98.5,98.60 1 0
github.com/XackuH-ORG/go-react-e-market/backend/internal/orders/service.go:101.4,101.45 1 1
github.com/XackuH-ORG/go-react-e-market/backend/internal/orders/service.go:106.3,107.29 2 1
github.com/XackuH-ORG/go-react-e-market/backend/internal/orders/service.go:107.29,109.4 1 1
github.com/XackuH-ORG/go-react-e-market/backend/internal/orders/service.go:110.3,111.27 2 1
github.com/XackuH-ORG/go-react-e-market/backend/internal/orders/service.go:111.27,113.4 1 0
github.com/XackuH-ORG/go-react-e-market/backend/internal/orders/service.go:114.3,115.25 2 1
github.com/XackuH-ORG/go-react-e-market/backend/internal/orders/service.go:115.25,117.4 1 0
github.com/XackuH-ORG/go-react-e-market/backend/internal/orders/service.go:119.3,128.17 2 1
github.com/XackuH-ORG/go-react-e-market/backend/internal/orders/service.go:128.17,130.4 1 0
github.com/XackuH-ORG/go-react-e-market/backend/internal/orders/service.go:133.3,133.30 1 1
github.com/XackuH-ORG/go-react-e-market/backend/internal/orders/service.go:133.30,140.18 2 1
github.com/XackuH-ORG/go-react-e-market/backend/internal/orders/service.go:140.18,142.5 1 1
github.com/XackuH-ORG/go-react-e-market/backend/internal/orders/service.go:146.3,147.17 2 1
github.com/XackuH-ORG/go-react-e-market/backend/internal/orders/service.go:147.17,149.4 1 0
github.com/XackuH-ORG/go-react-e-market/backend/internal/orders/service.go:151.3,151.13 1 1
github.com/XackuH-ORG/go-react-e-market/backend/internal/orders/service.go:154.2,154.26 1 1
github.com/XackuH-ORG/go-react-e-market/backend/internal/orders/service.go:157.100,159.2 1 1
github.com/XackuH-ORG/go-react-e-market/backend/internal/admin/handlers.go:17.46,19.2 1 1
github.com/XackuH-ORG/go-react-e-market/backend/internal/admin/handlers.go:23.54,24.71 1 1
github.com/XackuH-ORG/go-react-e-market/backend/internal/admin/handlers.go:24.71,27.21 3 1
github.com/XackuH-ORG/go-react-e-market/backend/internal/admin/handlers.go:27.21,28.39 1 0
github.com/XackuH-ORG/go-react-e-market/backend/internal/admin/handlers.go:28.39,30.5 1 0
github.com/XackuH-ORG/go-react-e-market/backend/internal/admin/handlers.go:33.3,33.41 1 1
github.com/XackuH-ORG/go-react-e-market/backend/internal/admin/handlers.go:33.41,36.4 2 1
github.com/XackuH-ORG/go-react-e-market/backend/internal/admin/handlers.go:37.3,37.23 1 1
github.com/XackuH-ORG/go-react-e-market/backend/internal/admin/handlers.go:41.49,58.2 12 1
github.com/XackuH-ORG/go-react-e-market/backend/internal/admin/handlers.go:60.73,62.16 2 1
github.com/XackuH-ORG/go-react-e-market/backend/internal/admin/handlers.go:62.16,65.3 2 1
github.com/XackuH-ORG/go-react-e-market/backend/internal/admin/handlers.go:66.2,66.19 1 1
github.com/XackuH-ORG/go-react-e-market/backend/internal/admin/handlers.go:66.19,68.3 1 0
github.com/XackuH-ORG/go-react-e-market/backend/internal/admin/handlers.go:69.2,70.35 2 1
github.com/XackuH-ORG/go-react-e-market/backend/internal/admin/handlers.go:73.73,75.21 2 1
github.com/XackuH-ORG/go-react-e-market/backend/internal/admin/handlers.go:75.21,78.3 2 1
github.com/XackuH-ORG/go-react-e-market/backend/internal/admin/handlers.go:80.2,81.16 2 1
github.com/XackuH-ORG/go-react-e-market/backend/internal/admin/handlers.go:81.16,84.3 2 1
github.com/XackuH-ORG/go-react-e-market/backend/internal/admin/handlers.go:85.2,85.19 1 1
github.com/XackuH-ORG/go-react-e-market/backend/internal/admin/handlers.go:85.19,87.3 1 0
github.com/XackuH-ORG/go-react-e-market/backend/internal/admin/handlers.go:88.2,89.35 2 1
github.com/XackuH-ORG/go-react-e-market/backend/internal/admin/handlers.go:92.78,95.16 3 1
github.com/XackuH-ORG/go-react-e-market/backend/internal/admin/handlers.go:95.16,98.3 2 1
github.com/XackuH-ORG/go-react-e-market/backend/internal/admin/handlers.go:100.2,103.61 2 1
github.com/XackuH-ORG/go-react-e-market/backend/internal/admin/handlers.go:103.61,106.3 2 1
github.com/XackuH-ORG/go-react-e-market/backend/internal/admin/handlers.go:108.2,108.77 1 1
github.com/XackuH-ORG/go-react-e-market/backend/internal/admin/handlers.go:108.77,111.3 2 1
github.com/XackuH-ORG/go-react-e-market/backend/internal/admin/handlers.go:112.2,112.30 1 1
github.com/XackuH-ORG/go-react-e-market/backend/internal/admin/handlers.go:115.69,117.16 2 1
github.com/XackuH-ORG/go-react-e-market/backend/internal/admin/handlers.go:117.16,120.3 2 1
github.com/XackuH-ORG/go-react-e-market/backend/internal/admin/handlers.go:121.2,121.18 1 1
github.com/XackuH-ORG/go-react-e-market/backend/internal/admin/handlers.go:121.18,123.3 1 0
github.com/XackuH-ORG/go-react-e-market/backend/internal/admin/handlers.go:124.2,125.34 2 1
github.com/XackuH-ORG/go-react-e-market/backend/internal/admin/handlers.go:128.75,131.16 3 1
github.com/XackuH-ORG/go-react-e-market/backend/internal/admin/handlers.go:131.16,134.3 2 1
github.com/XackuH-ORG/go-react-e-market/backend/internal/admin/handlers.go:136.2,139.61 2 1
github.com/XackuH-ORG/go-react-e-market/backend/internal/admin/handlers.go:139.61,142.3 2 1
github.com/XackuH-ORG/go-react-e-market/backend/internal/admin/handlers.go:144.2,144.72 1 1
github.com/XackuH-ORG/go-react-e-market/backend/internal/admin/handlers.go:144.72,147.3 2 1
github.com/XackuH-ORG/go-react-e-market/backend/internal/admin/handlers.go:148.2,148.30 1 1
github.com/XackuH-ORG/go-react-e-market/backend/internal/admin/handlers.go:157.74,159.61 2 1
github.com/XackuH-ORG/go-react-e-market/backend/internal/admin/handlers.go:159.61,162.3 2 1
github.com/XackuH-ORG/go-react-e-market/backend/internal/admin/handlers.go:164.2,165.16 2 1
github.com/XackuH-ORG/go-react-e-market/backend/internal/admin/handlers.go:165.16,168.3 2 1
github.com/XackuH-ORG/go-react-e-market/backend/internal/admin/handlers.go:169.2,170.30 2 1
github.com/XackuH-ORG/go-react-e-market/backend/internal/admin/handlers.go:173.74,176.16 3 1
github.com/XackuH-ORG/go-react-e-market/backend/internal/admin/handlers.go:176.16,179.3 2 1
github.com/XackuH-ORG/go-react-e-market/backend/internal/admin/handlers.go:181.2,182.61 2 1
github.com/XackuH-ORG/go-react-e-market/backend/internal/admin/handlers.go:182.61,185.3 2 1
github.com/XackuH-ORG/go-react-e-market/backend/internal/admin/handlers.go:187.2,187.104 1 1
github.com/XackuH-ORG/go-react-e-market/backend/internal/admin/handlers.go:187.104,190.3 2 1
github.com/XackuH-ORG/go-react-e-market/backend/internal/admin/handlers.go:191.2,191.30 1 1
github.com/XackuH-ORG/go-react-e-market/backend/internal/admin/handlers.go:194.74,197.16 3 1
github.com/XackuH-ORG/go-react-e-market/backend/internal/admin/handlers.go:197.16,200.3 2 1
github.com/XackuH-ORG/go-react-e-market/backend/internal/admin/handlers.go:202.2,202.61 1 1
github.com/XackuH-ORG/go-react-e-market/backend/internal/admin/handlers.go:202.61,205.3 2 1
github.com/XackuH-ORG/go-react-e-market/backend/internal/admin/handlers.go:206.2,206.30 1 1
github.com/XackuH-ORG/go-react-e-market/backend/internal/admin/handlers.go:217.70,219.61 2 1
github.com/XackuH-ORG/go-react-e-market/backend/internal/admin/handlers.go:219.61,222.3 2 1
github.com/XackuH-ORG/go-react-e-market/backend/internal/admin/handlers.go:224.2,225.16 2 1
github.com/XackuH-ORG/go-react-e-market/backend/internal/admin/handlers.go:225.16,228.3 2 1
github.com/XackuH-ORG/go-react-e-market/backend/internal/admin/handlers.go:229.2,230.32 2 1
github.com/XackuH-ORG/go-react-e-market/backend/internal/admin/handlers.go:233.70,236.16 3 1
github.com/XackuH-ORG/go-react-e-market/backend/internal/admin/handlers.go:236.16,239.3 2 1
github.com/XackuH-ORG/go-react-e-market/backend/internal/admin/handlers.go:241.2,242.61 2 1
github.com/XackuH-ORG/go-react-e-market/backend/internal/admin/handlers.go:242.61,245.3 2 1
github.com/XackuH-ORG/go-react-e-market/backend/internal/admin/handlers.go:247.2,247.108 1 1
github.com/XackuH-ORG/go-react-e-market/backend/internal/admin/handlers.go:247.108,250.3 2 1
github.com/XackuH-ORG/go-react-e-market/backend/internal/admin/handlers.go:251.2,251.30 1 1
github.com/XackuH-ORG/go-react-e-market/backend/internal/admin/handlers.go:254.70,257.16 3 1
github.com/XackuH-ORG/go-react-e-market/backend/internal/admin/handlers.go:257.16,260.3 2 1
github.com/XackuH-ORG/go-react-e-market/backend/internal/admin/handlers.go:262.2,262.57 1 1
github.com/XackuH-ORG/go-react-e-market/backend/internal/admin/handlers.go:262.57,265.3 2 1
github.com/XackuH-ORG/go-react-e-market/backend/internal/admin/handlers.go:266.2,266.30 1 1
github.com/XackuH-ORG/go-react-e-market/backend/internal/admin/service.go:35.69,37.2 1 1
github.com/XackuH-ORG/go-react-e-market/backend/internal/admin/service.go:39.80,41.2 1 1
github.com/XackuH-ORG/go-react-e-market/backend/internal/admin/service.go:43.94,48.2 4 1
github.com/XackuH-ORG/go-react-e-market/backend/internal/admin/service.go:50.113,55.2 1 1
github.com/XackuH-ORG/go-react-e-market/backend/internal/admin/service.go:57.75,59.2 1 1
github.com/XackuH-ORG/go-react-e-market/backend/internal/admin/service.go:61.104,66.2 1 1
github.com/XackuH-ORG/go-react-e-market/backend/internal/admin/service.go:68.137,70.24 2 1
github.com/XackuH-ORG/go-react-e-market/backend/internal/admin/service.go:70.24,72.3 1 1
github.com/XackuH-ORG/go-react-e-market/backend/internal/admin/service.go:73.2,77.4 1 1
github.com/XackuH-ORG/go-react-e-market/backend/internal/admin/service.go:80.142,82.24 2 1
github.com/XackuH-ORG/go-react-e-market/backend/internal/admin/service.go:82.24,84.3 1 1
github.com/XackuH-ORG/go-react-e-market/backend/internal/admin/service.go:85.2,90.4 1 1
github.com/XackuH-ORG/go-react-e-market/backend/internal/admin/service.go:93.86,95.2 1 1
github.com/XackuH-ORG/go-react-e-market/backend/internal/admin/service.go:97.155,105.2 1 1
github.com/XackuH-ORG/go-react-e-market/backend/internal/admin/service.go:107.139,115.2 1 1
github.com/XackuH-ORG/go-react-e-market/backend/internal/admin/service.go:117.78,119.2 1 1
github.com/XackuH-ORG/go-react-e-market/backend/internal/orders/handlers.go:18.47,20.2 1 0
github.com/XackuH-ORG/go-react-e-market/backend/internal/orders/handlers.go:22.49,25.2 2 0
github.com/XackuH-ORG/go-react-e-market/backend/internal/orders/handlers.go:27.52,29.20 2 0
github.com/XackuH-ORG/go-react-e-market/backend/internal/orders/handlers.go:29.20,31.3 1 0
github.com/XackuH-ORG/go-react-e-market/backend/internal/orders/handlers.go:32.2,33.16 2 0
github.com/XackuH-ORG/go-react-e-market/backend/internal/orders/handlers.go:33.16,34.34 1 0
github.com/XackuH-ORG/go-react-e-market/backend/internal/orders/handlers.go:34.34,36.4 1 0
github.com/XackuH-ORG/go-react-e-market/backend/internal/orders/handlers.go:38.2,38.62 1 0
github.com/XackuH-ORG/go-react-e-market/backend/internal/orders/handlers.go:48.69,50.16 2 0
github.com/XackuH-ORG/go-react-e-market/backend/internal/orders/handlers.go:50.16,53.3 2 0
github.com/XackuH-ORG/go-react-e-market/backend/internal/orders/handlers.go:55.2,56.61 2 0
github.com/XackuH-ORG/go-react-e-market/backend/internal/orders/handlers.go:56.61,59.3 2 0
github.com/XackuH-ORG/go-react-e-market/backend/internal/orders/handlers.go:61.2,62.16 2 0
github.com/XackuH-ORG/go-react-e-market/backend/internal/orders/handlers.go:62.16,65.3 2 0
github.com/XackuH-ORG/go-react-e-market/backend/internal/orders/handlers.go:67.2,68.34 2 0
github.com/XackuH-ORG/go-react-e-market/backend/internal/orders/handlers.go:71.74,73.16 2 0
github.com/XackuH-ORG/go-react-e-market/backend/internal/orders/handlers.go:73.16,76.3 2 0
github.com/XackuH-ORG/go-react-e-market/backend/internal/orders/handlers.go:78.2,79.16 2 0
github.com/XackuH-ORG/go-react-e-market/backend/internal/orders/handlers.go:79.16,82.3 2 0
github.com/XackuH-ORG/go-react-e-market/backend/internal/orders/handlers.go:84.2,84.19 1 0
github.com/XackuH-ORG/go-react-e-market/backend/internal/orders/handlers.go:84.19,86.3 1 0
github.com/XackuH-ORG/go-react-e-market/backend/internal/orders/handlers.go:88.2,89.35 2 0
github.com/XackuH-ORG/go-react-e-market/backend/internal/orders/service.go:29.99,30.70 1 0
github.com/XackuH-ORG/go-react-e-market/backend/internal/orders/service.go:30.70,32.17 2 0
github.com/XackuH-ORG/go-react-e-market/backend/internal/orders/service.go:32.17,34.4 1 0
github.com/XackuH-ORG/go-react-e-market/backend/internal/orders/service.go:35.3,39.17 4 0
github.com/XackuH-ORG/go-react-e-market/backend/internal/orders/service.go:39.17,41.4 1 0
github.com/XackuH-ORG/go-react-e-market/backend/internal/orders/service.go:43.3,44.17 2 0
github.com/XackuH-ORG/go-react-e-market/backend/internal/orders/service.go:44.17,46.4 1 0
github.com/XackuH-ORG/go-react-e-market/backend/internal/orders/service.go:47.3,47.13 1 0
github.com/XackuH-ORG/go-react-e-market/backend/internal/orders/service.go:51.55,57.2 1 0
github.com/XackuH-ORG/go-react-e-market/backend/internal/orders/service.go:59.129,64.2 1 0
github.com/XackuH-ORG/go-react-e-market/backend/internal/orders/service.go:66.36,70.2 2 0
github.com/XackuH-ORG/go-react-e-market/backend/internal/orders/service.go:72.200,75.52 2 0
github.com/XackuH-ORG/go-react-e-market/backend/internal/orders/service.go:75.52,78.17 2 0
github.com/XackuH-ORG/go-react-e-market/backend/internal/orders/service.go:78.17,80.4 1 0
github.com/XackuH-ORG/go-react-e-market/backend/internal/orders/service.go:82.3,82.22 1 0
github.com/XackuH-ORG/go-react-e-market/backend/internal/orders/service.go:82.22,84.4 1 0
github.com/XackuH-ORG/go-react-e-market/backend/internal/orders/service.go:86.3,88.30 2 0
github.com/XackuH-ORG/go-react-e-market/backend/internal/orders/service.go:88.30,94.18 2 0
github.com/XackuH-ORG/go-react-e-market/backend/internal/orders/service.go:94.18,95.38 1 0
github.com/XackuH-ORG/go-react-e-market/backend/internal/orders/service.go:95.38,97.6 1 0
github.com/XackuH-ORG/go-react-e-market/backend/internal/orders/service.go:98.5,98.60 1 0
github.com/XackuH-ORG/go-react-e-market/backend/internal/orders/service.go:101.4,101.45 1 0
github.com/XackuH-ORG/go-react-e-market/backend/internal/orders/service.go:106.3,107.29 2 0
github.com/XackuH-ORG/go-react-e-market/backend/internal/orders/service.go:107.29,109.4 1 0
github.com/XackuH-ORG/go-react-e-market/backend/internal/orders/service.go:110.3,111.27 2 0
github.com/XackuH-ORG/go-react-e-market/backend/internal/orders/service.go:111.27,113.4 1 0
github.com/XackuH-ORG/go-react-e-market/backend/internal/orders/service.go:114.3,115.25 2 0
github.com/XackuH-ORG/go-react-e-market/backend/internal/orders/service.go:115.25,117.4 1 0
github.com/XackuH-ORG/go-react-e-market/backend/internal/orders/service.go:119.3,128.17 2 0
github.com/XackuH-ORG/go-react-e-market/backend/internal/orders/service.go:128.17,130.4 1 0
github.com/XackuH-ORG/go-react-e-market/backend/internal/orders/service.go:133.3,133.30 1 0
github.com/XackuH-ORG/go-react-e-market/backend/internal/orders/service.go:133.30,140.18 2 0
github.com/XackuH-ORG/go-react-e-market/backend/internal/orders/service.go:140.18,142.5 1 0
github.com/XackuH-ORG/go-react-e-market/backend/internal/orders/service.go:146.3,147.17 2 0
github.com/XackuH-ORG/go-react-e-market/backend/internal/orders/service.go:147.17,149.4 1 0
github.com/XackuH-ORG/go-react-e-market/backend/internal/orders/service.go:151.3,151.13 1 0
github.com/XackuH-ORG/go-react-e-market/backend/internal/orders/service.go:154.2,154.26 1 0
github.com/XackuH-ORG/go-react-e-market/backend/internal/orders/service.go:157.100,159.2 1 0
